2026-03-14T08:29:00.1234567Z Run npx eslint src/ --format json --max-warnings 5
2026-03-14T08:29:00.2345678Z npm notice found 0 vulnerabilities
2026-03-14T08:29:01.3456789Z
2026-03-14T08:29:02.4567890Z ##[group]ESLint Output
2026-03-14T08:29:02.5678901Z {
2026-03-14T08:29:02.6789012Z   "src/api/handlers.ts": [
2026-03-14T08:29:02.7890123Z     {
2026-03-14T08:29:02.8901234Z       "ruleId": "no-console",
2026-03-14T08:29:02.9012345Z       "severity": 2,
2026-03-14T08:29:03.0123456Z       "message": "Unexpected console statement",
2026-03-14T08:29:03.1234567Z       "line": 34,
2026-03-14T08:29:03.2345678Z       "column": 4,
2026-03-14T08:29:03.3456789Z       "nodeType": "MemberExpression",
2026-03-14T08:29:03.4567890Z       "messageId": "unexpected"
2026-03-14T08:29:03.5678901Z     },
2026-03-14T08:29:03.6789012Z     {
2026-03-14T08:29:03.7890123Z       "ruleId": "@typescript-eslint/no-explicit-any",
2026-03-14T08:29:03.8901234Z       "severity": 2,
2026-03-14T08:29:03.9012345Z       "message": "Unexpected any. Specify a different type.",
2026-03-14T08:29:04.0123456Z       "line": 56,
2026-03-14T08:29:04.1234567Z       "column": 12,
2026-03-14T08:29:04.2345678Z       "nodeType": "TSAnyKeyword"
2026-03-14T08:29:04.3456789Z     },
2026-03-14T08:29:04.4567890Z     {
2026-03-14T08:29:04.5678901Z       "ruleId": "react/prop-types",
2026-03-14T08:29:04.6789012Z       "severity": 2,
2026-03-14T08:29:04.7890123Z       "message": "'children' is missing in props validation",
2026-03-14T08:29:04.8901234Z       "line": 89,
2026-03-14T08:29:04.9012345Z       "column": 19,
2026-03-14T08:29:05.0123456Z       "nodeType": "FunctionDeclaration"
2026-03-14T08:29:05.1234567Z     }
2026-03-14T08:29:05.2345678Z   ],
2026-03-14T08:29:05.3456789Z   "src/utils/helpers.ts": [
2026-03-14T08:29:05.4567890Z     {
2026-03-14T08:29:05.5678901Z       "ruleId": "no-unused-vars",
2026-03-14T08:29:05.6789012Z       "severity": 2,
2026-03-14T08:29:05.7890123Z       "message": "'unusedVar' is assigned a value but never used",
2026-03-14T08:29:05.8901234Z       "line": 23,
2026-03-14T08:29:05.9012345Z       "column": 7,
2026-03-14T08:29:06.0123456Z       "nodeType": "VariableDeclarator"
2026-03-14T08:29:06.1234567Z     },
2026-03-14T08:29:06.2345678Z     {
2026-03-14T08:29:06.3456789Z       "ruleId": "prefer-const",
2026-03-14T08:29:06.4567890Z       "severity": 1,
2026-03-14T08:29:06.5678901Z       "message": "'config' is never reassigned; use 'const' instead of 'let'",
2026-03-14T08:29:06.6789012Z       "line": 45,
2026-03-14T08:29:06.7890123Z       "column": 3
2026-03-14T08:29:06.8901234Z     },
2026-03-14T08:29:06.9012345Z     {
2026-03-14T08:29:07.0123456Z       "ruleId": "eqeqeq",
2026-03-14T08:29:07.1234567Z       "severity": 2,
2026-03-14T08:29:07.2345678Z       "message": "Expected '===' and instead saw '=='",
2026-03-14T08:29:07.3456789Z       "line": 78,
2026-03-14T08:29:07.4567890Z       "column": 18,
2026-03-14T08:29:07.5678901Z       "nodeType": "BinaryExpression"
2026-03-14T08:29:07.6789012Z     }
2026-03-14T08:29:07.7890123Z   ]
2026-03-14T08:29:07.8901234Z }
2026-03-14T08:29:07.9012345Z ##[endgroup]
2026-03-14T08:29:08.0123456Z
2026-03-14T08:29:08.1234567Z src/api/handlers.ts
2026-03-14T08:29:08.2345678Z   34:4   error   Unexpected console statement             no-console
2026-03-14T08:29:08.3456789Z   56:12  error   Unexpected any. Specify a different type  @typescript-eslint/no-explicit-any
2026-03-14T08:29:08.4567890Z   89:19  error   'children' is missing in props validation  react/prop-types
2026-03-14T08:29:08.5678901Z
2026-03-14T08:29:08.6789012Z src/utils/helpers.ts
2026-03-14T08:29:08.7890123Z   23:7   error    'unusedVar' is assigned a value but never used  no-unused-vars
2026-03-14T08:29:08.8901234Z   45:3   warning  'config' is never reassigned; use 'const' instead of 'let'  prefer-const
2026-03-14T08:29:08.9012345Z   78:18  error    Expected '===' and instead saw '=='  eqeqeq
2026-03-14T08:29:09.0123456Z
2026-03-14T08:29:09.1234567Z 5 errors and 1 warning found
2026-03-14T08:29:09.2345678Z
2026-03-14T08:29:09.3456789Z ##[error]Process completed with exit code 1
